// Jest Snapshot v1, https://goo.gl/fbAQLP

exports[`<AgendaCard /> with mockData Renders correctly 1`] = `
<View
  accessibilityComponentType={undefined}
  accessibilityLabel={undefined}
  accessibilityTraits={undefined}
  accessible={true}
  collapsable={undefined}
  hasTVPreferredFocus={undefined}
  hitSlop={undefined}
  isTVSelectable={true}
  nativeID={undefined}
  onLayout={undefined}
  onResponderGrant={[Function]}
  onResponderMove={[Function]}
  onResponderRelease={[Function]}
  onResponderTerminate={[Function]}
  onResponderTerminationRequest={[Function]}
  onStartShouldSetResponder={[Function]}
  style={
    Object {
      "backgroundColor": "#fff",
      "borderColor": "#D1D3D4",
      "borderRadius": 15,
      "borderWidth": 0.5,
      "flexDirection": "row",
      "height": 120,
      "margin": 5,
      "opacity": 1,
      "width": 220,
    }
  }
  testID={undefined}
  tvParallaxProperties={undefined}
>
  <View
    style={
      Array [
        Object {
          "borderWidth": 1,
          "margin": 10,
          "marginBottom": 0,
          "marginTop": 0,
        },
        Object {
          "borderColor": "#FBB041",
        },
      ]
    }
  />
  <View
    style={
      Object {
        "flex": 0.7,
        "justifyContent": "space-between",
      }
    }
  >
    <Text
      accessible={true}
      allowFontScaling={true}
      ellipsizeMode="tail"
      style={
        Object {
          "color": "#000",
          "fontFamily": "Montserrat-Regular",
          "fontSize": 14.142857142857142,
          "margin": 5,
          "textAlign": "left",
          "textAlignVertical": "center",
        }
      }
    >
      A mobile-first approach to 3DSecure today
       
    </Text>
    <View
      style={
        Object {
          "marginBottom": 5,
        }
      }
    >
      <Text
        accessible={true}
        allowFontScaling={true}
        ellipsizeMode="tail"
        style={
          Object {
            "color": "#414042",
            "fontFamily": "Montserrat-Light",
            "fontSize": 12.571428571428571,
            "margin": 5,
            "marginBottom": 0,
            "textAlign": "left",
          }
        }
      >
        string
      </Text>
      <Text
        accessible={true}
        allowFontScaling={true}
        ellipsizeMode="tail"
        style={
          Object {
            "color": "#6D6E71",
            "fontFamily": "Montserrat-Light",
            "fontSize": 11,
            "margin": 5,
            "marginBottom": 0,
            "marginTop": 0,
            "textAlign": "left",
          }
        }
      >
        Tags: 
        Security
      </Text>
    </View>
  </View>
  <View
    style={
      Object {
        "flex": 0.3,
        "justifyContent": "space-around",
        "marginRight": 10,
      }
    }
  >
    <Image
      source={
        Object {
          "process": [Function],
        }
      }
      style={
        Object {
          "borderRadius": 28,
          "height": 56,
          "width": 56,
        }
      }
      virtual={undefined}
    />
    <View
      accessibilityComponentType={undefined}
      accessibilityLabel={undefined}
      accessibilityTraits={undefined}
      accessible={true}
      collapsable={undefined}
      hasTVPreferredFocus={undefined}
      hitSlop={undefined}
      isTVSelectable={true}
      nativeID={undefined}
      onLayout={undefined}
      onResponderGrant={[Function]}
      onResponderMove={[Function]}
      onResponderRelease={[Function]}
      onResponderTerminate={[Function]}
      onResponderTerminationRequest={[Function]}
      onStartShouldSetResponder={[Function]}
      style={
        Object {
          "opacity": 1,
        }
      }
      testID={undefined}
      tvParallaxProperties={undefined}
    >
      <View
        style={
          Object {
            "alignSelf": "flex-end",
            "backgroundColor": "#F1F2F2",
            "borderRadius": 100,
            "height": 30,
            "width": 30,
          }
        }
      >
        <Text
          accessible={true}
          allowFontScaling={false}
          ellipsizeMode="tail"
          style={
            Array [
              Object {
                "color": undefined,
                "fontSize": 12,
              },
              Array [
                Object {
                  "color": "#000",
                  "fontSize": 30,
                },
                Object {
                  "color": "#000",
                  "fontSize": 30,
                },
                Object {
                  "alignSelf": "center",
                },
              ],
              Object {
                "fontFamily": "Ionicons",
                "fontStyle": "normal",
                "fontWeight": "normal",
              },
            ]
          }
          virtual={undefined}
        >
          ï„‚
        </Text>
      </View>
    </View>
  </View>
</View>
`;
